[2026-09-19 12:49:26] 开始执行论文搜索任务
搜索关键词: ISAC
搜索日期范围: 2026-09-18
正在获取论文...
[ACM] 2026-9-18 | A seam-aware checkerboard vision pipeline for reproducible static stitching error evaluation of panoramic surveillance cameras
[ACM] 2026-9-18 | LLIE-YOLO: A Task-Driven Joint Enhancement and Detection Optimization Method for Low-Light Object Detection
[ACM] 2026-9-18 | Advances in Multimodal Deep Learning Models for Early Alzheimer's Disease Detection: A Survey
[ACM] 2026-9-18 | A Review of Pavement Defect Detection Technology
[ACM] 2026-9-18 | Robust Learning with Noisy Labels via Instance Partition and Feature Mixing
[ACM] 2026-9-18 | An Adaptive Clustering Algorithm for Interval Data With Non-Uniform Distributions
[ACM] 2026-9-18 | Performance Analysis, Machine Learning-Assisted Evaluation, and Multi-Objective Optimization of an ORC System for Marine Diesel Engine Waste Heat Recovery Based on Aspen Plus and K-means Clustering
[IEEE] 2026-9-18 | Large Language Model–Based Automated Assessment: A Systematic Review, Taxonomy and Implications for Personalized Learning
[IEEE] 2026-9-18 | Copyright Page
[IEEE] 2026-9-18 | CroSpec-MT: A Compact Spectral State-Space Network for Joint Classification and Regression of Hyperspectral Forest Variables
[IEEE] 2026-9-18 | Cover Page
[IEEE] 2026-9-18 | Pattern in Motion: Retrieval-Augmented Learning for Dynamic Spatio-Temporal Graphs_supp1-3728522.pdf
[IEEE] 2026-9-18 | SG-Defense: A Space-Ground Distributed Defense Framework for DDoS Mitigation in O-RAN NTNs
[IEEE] 2026-9-18 | Robust LoRa Preamble Detection in Colored Impulsive Noise Using Rank Correlation Coefficients_supp1-3734518.pdf
[IEEE] 2026-9-18 | A Trust-Aware DRL-Assisted Secure Routing and Anomaly-Resilient Alert Aggregation Framework with Blockchain Validation for Underwater IoT Networks
[IEEE] 2026-9-18 | Synthesis of Cellulose Based Nano-filaments Using Waste Cotton Fabric
[IEEE] 2026-9-18 | Robust Wind Power Interval Forecasting via Adaptive Graph Conformal Inference Under Distribution Shifts
[IEEE] 2026-9-18 | Multi Scale Modeling of ZnO/PVDF Piezoelectric Nanocomposite Sensors for Wearable Heart Rate Monitoring
[IEEE] 2026-9-18 | Non-CMP Cu/SiO
                    <sub>2</sub>
                    Hybrid Bonding Based on Interlocking Structure
[IEEE] 2026-9-18 | An Active Temperature Control System Based on Thermoelectric Cooling for Improving the Thermal Management Stability of Power Modules
[IEEE] 2026-9-18 | Process Simulation and Optimization of a Heterogeneous WLP Structure
[IEEE] 2026-9-18 | Thermally Induced Protrusion of Electroplated Ultrafine Grained Copper for Low Thermal Budget Cu-Cu Hybrid Bonding
[IEEE] 2026-9-18 | Influence of Degree of Saturation and Degree of Compaction on Unsoaked CBR Values
[IEEE] 2026-9-18 | An Intelligent IoT-Driven Retail Framework for the Fashion Industry Using Customer Analysis
[IEEE] 2026-9-18 | URGS: A Unified Five-Layer RE-EV-Grid Smart Charging Framework for Sustainable Electric Vehicle Infrastructure
[IEEE] 2026-9-18 | Zoned valve-regulated thermal management technology for high-power chip arrays
[IEEE] 2026-9-18 | Degradation behavior and non-destructive failure analysis of GaN-based blue laser diodes
[IEEE] 2026-9-18 | Calibrated-Trust Orchestration: A Meta-Layer Framework for Coordinating Task-Level AI Agents Across the DevSecOps Continuum
[IEEE] 2026-9-18 | Adaptive Explainable Federated Learning Framework for Privacy-Preserving IoT Intrusion Detection in Smart Cities
[IEEE] 2026-9-18 | River Ecosystem Optimized Deep Multi-View Dynamics-Aware Graph Attention Framework for Automated Lung Cancer Detection from CT Images
[IEEE] 2026-9-18 | Dynamic PCU Based Adaptive Signal Control for Heterogeneous Urban Traffic Using Microsimulation
[IEEE] 2026-9-18 | Adaptive Detector in Heterogeneous Clutter Based on Complex-Valued Convolutional Attention Network
[IEEE] 2026-9-18 | Sintering Molecular Dynamic Behaviors of Cu-Ag Nanoparticles with Different Architectures for Power Electronic Interconnection Packaging
[IEEE] 2026-9-18 | A Dual-Branch Graph-Temporal Neural Network for Predicting α-Synuclein Pathology Spread Across the Brain Connectome
[IEEE] 2026-9-18 | Predicting Compaction Characteristics of Geopolymer-Stabilised Soils Using Chemistry-Informed Machine Learning
[IEEE] 2026-9-18 | SAR Imaging Based on OFDM Waveform for UAV-ISAC Systems
[IEEE] 2026-9-18 | Circuit-Level Static Power Management in Nanoscale CMOS: An Analytical Survey of Lector, LCNT, ONOFIC, and SAPON
[IEEE] 2026-9-18 | Fabrication of electroplated Sn-Cu foam for transient-liquid-phase bonding
[IEEE] 2026-9-18 | BioFuseNAS: Bio-Inspired Neural Architecture Search for Multi-Sensor Fusion in Robust Edge Vision Systems
[IEEE] 2026-9-18 | Thermal Characteristic Optimization of a Novel Embedded Heat Dissipation Structure in 3D PoP Packaging
[IEEE] 2026-9-18 | A Study on Optimization of Mold-flow Balance for SiP Packages
[IEEE] 2026-9-18 | Spatial Non-Stationary Near-Field Channel Estimation for mmWave Multi-User ELAA Systems via Low-Rank Tensor Decomposition
[IEEE] 2026-9-18 | Multi-Angle ISAR Image Fusion for Aerial Target Recognition Using Image Transformer
[IEEE] 2026-9-18 | Evaluating AI-Weather Models During the June 2024 Middle East Compound Heatwave
[IEEE] 2026-9-18 | Low Radar Cross Section Target Detection and Classification for Pulse Radar Systems using RPCA and Deep Learning
[IEEE] 2026-9-18 | Integrated Enterprise Network Simulation and Congestion Analysis Using VLAN Segmentation and Packet Diagnostic Techniques
[IEEE] 2026-9-18 | High Aspect Ratio Filling of Through-Glass Vias Using Copper Paste with Vacuum-Assisted Filtration
[IEEE] 2026-9-18 | Bivariate Gaussian Mixture Model for Regional Clustering in Bali-Nusa Tenggara: A Post-Pandemic Analysis of Domestic Tourist Volume and Growth
[IEEE] 2026-9-18 | Gridless Sparse Array Design for Beampattern Optimization
[IEEE] 2026-9-18 | An Integrated Approach to Forensic Bloodstain Pattern Analysis and Weapon Classification Using Image Processing and Deep Learning
[IEEE] 2026-9-18 | An In-depth Numerical Simulation Study on Interfacial Delamination and Cohesive Glass Fracture in Glass Substrate Packages with Multi-Layer RDLs under Thermo-mechanical Loads
[ACM] 2026-9-18 | Measurement-Driven Digital Twin for High-Frequency Propagation in Layered Human Skin
[ACM] 2026-9-18 | Exploring the Attentional Cost of Visual Motion Sickness Mitigation Strategies in Smart Cabin
[ACM] 2026-9-18 | From Roadways to Shared Spaces: Extending Vehicle eHMI Research to Public Mobile Robots
[ACM] 2026-9-18 | Student Research Track: Drivers' Correctness on Cue-Level Situation Awareness Probes: The Roles of Spatial Direction and Event State During Automated Driving Takeovers
[IEEE] 2026-9-18 | Hierarchical Game Theory and Multi-Agent DRL Based UAV Anti-Jamming Packet Routing
[IEEE] 2026-9-18 | Adaptive Mission Planning and Fault-Tolerant Coordination in Multi-UAV Networks
[IEEE] 2026-9-18 | Real-Time Stylized Character Control with Codebook-Guided Style Selection
[IEEE] 2026-9-18 | Global-Coordinate Formulation with Iterative Refinement in Multi-Physics Simulation of Hydraulically Actuated Mechanisms
[IEEE] 2026-9-18 | Semi-DST: A Relation-aware Frequency Transformer with Dual-Student-Teacher Framework for Semi-supervised Hyperspectral Image Classification
[IEEE] 2026-9-18 | Objective- and Speed-Agnostic Human-in-the-Loop Reinforcement Learning Control of Hip Exoskeletons for Gait Assistance_supp2-3731919.mp4
[IEEE] 2026-9-18 | Common-Rate Constrained Cramér–Rao Bound Minimization for Multicast MIMO ISAC
[ACM] 2026-9-18 | BACKPAC: Breaking ARM’s Pointer Authentication Sidechannel Mitigation in Apple M2
[IEEE] 2026-9-18 | Joint Timing and Carrier Frequency Offset Estimation with Interference Suppression for Multi-Static ISAC Systems
[IEEE] 2026-9-18 | Fast Assessment of Distribution System Security Regions using Neighborhood-Based Prediction and Curvature-Adaptive Ray Refinement
[IEEE] 2026-9-18 | Fabrication and Thermo-Mechanical Stress Optimization of High Aspect Ratio TSVs for Advanced 3D Integration
[IEEE] 2026-9-18 | Low Temperature Cu-Cu Direct Bonding Enabled by PVD-Deposited Co
                    <sub>x</sub>
                    N Passivation Layer
[IEEE] 2026-9-18 | Design and Development of a Vision Based Human Following Robot with Rocker Bogie Mobility
[IEEE] 2026-9-18 | Fabrication of Multilayer Circuit on DPC Ceramic Substrate with Polyimide
[IEEE] 2026-9-18 | Assessment of Controlled Backfill Influence on the Service Life of 132 kV XLPE Cables in Duct Bank Installations
[IEEE] 2026-9-18 | Phase-Field Modeling of Electromigration Failure Mechanisms in Sn-Bi Solder Joints Incorporating Electro-Thermo-Mechanical Coupling
[IEEE] 2026-9-18 | Research on Sintering Performance Optimization of Large-Area Cu Sintering for Press-Pack IGBT Packaging
[IEEE] 2026-9-18 | Uncertainty-Aware Protein Subcellular Localization via Deep Ensembles and Monte Carlo Dropout
[IEEE] 2026-9-18 | Adaptive Textile Pattern Generation and Printing System: Dynamic Quality Control Based on StyleGAN3 and Reinforcement Learning
[IEEE] 2026-9-18 | QEvo-Swin: A Quantum Enhanced Evolutionary Based Swin Transformer for Change Detection in Hyperspectral Images
[IEEE] 2026-9-18 | Reliability Analysis of Multi-Redundant Relay Protection Schemes
[IEEE] 2026-9-18 | A Novel UV Laser Debonding Process Based on Single-Layer Temporary Bonding Adhesive for Advanced Packaging
[IEEE] 2026-9-18 | Tourism Demand Forecasting Using Machine Learning with Cross-Model Feature Ranking
[IEEE] 2026-9-18 | Analysis of Packaging Failure Mechanism and Research on Reliability Improvement Strategies in BGA Flip-chip Devices
[IEEE] 2026-9-18 | Frequency-Aware Visible-to-SAR Cross-Modal Image Generation
[IEEE] 2026-9-18 | Joint Clearing and Cost Allocation Method for Energy and Deep Peak-Shaving Under High Renewable Energy Penetration
[IEEE] 2026-9-18 | Design and Analysis of a Flip-Chip SiP T/R Module with High Heat Dissipation Performance
[IEEE] 2026-9-18 | A Web-Based Heterogeneous Deep Learning Ensemble Framework for Fine-Grained Flower Image Classification
[ACM] 2026-9-19 | Multi-Scale Temporal Convolution with Attention Mechanism for Hardware Trojan Detection
[ACM] 2026-9-18 | On the Role of Relay Cells in Information Propagation Speed for Dictyostelium Chemotaxis: An Agent-Based Modeling Study
[IEEE] 2026-9-18 | Feedback-Optimized SLM Multifocus Arrays for Parallel Laser Microfabrication
[ACM] 2026-9-18 | Workshop on Redefining the Relationship Between Human Operator and Driver Monitoring System (DMS): From Passive Safety to Active Partnerships
[ACM] 2026-9-18 | A Staged Workflow for Driver Glance and Hand-State Annotation
[IEEE] 2026-9-18 | A Fully Integrated, Bidirectional, Isolated DC–DC Converter With Distributed 5-Level Driver and Multi-Winding Transformer
[IEEE] 2026-9-18 | DIFCVerilog: Decoupling Capabilities and Taints for Fine-Grained Information Flow in Hardware
[IEEE] 2026-9-18 | Fully Dielectric Complex-Weighted Transmit-Reflect-Array Design with a Longitudinally Inhomogeneous Permittivity Profile
[IEEE] 2026-9-18 | Unveiling the Backdoor’s Suppression Effect for Backdoor Defence
[IEEE] 2026-9-18 | Multi-Granularity Text-Guided Semantic Alignment for Visible-Infrared Person Re-Identification
[IEEE] 2026-9-18 | Secrets That Survive Everything: Runtime Credential Exposure in Production Web Applications
[IEEE] 2026-9-18 | A Glass/Silicone-Rubber Vertical Contact–Separation Triboelectric Sensor for Self-Powered Vibration Monitoring: Multiphysics Modeling and Frequency Response
[IEEE] 2026-9-18 | Hierarchical Alignment and Differentiated Prototype Aggregation for Heterogeneous Federated Learning in Industrial Internet of Things_supp1-3725687.pdf
[IEEE] 2026-9-18 | Multi-Model Fusion for Anomaly Detection_supp1-3733759.pdf
[IEEE] 2026-9-18 | Edge-Accelerated Cooperative Sensing over CAV Networks: A Transformer-Based RL Approach
[IEEE] 2026-9-18 | Cover Page
[IEEE] 2026-9-18 | Photovoltaic Anomaly Detection in Electroluminescence Images Using a Transformer-Enhanced YOLO Algorithm
共写入 100 条记录，保存到 papers/paper2026-09-18.json。
论文获取成功，文件路径: papers/paper2026-09-18.json
正在筛选、翻译并发送邮件...
[NO] 1/100 | A seam-aware checkerboard vision pipeline for reproducible static stitching error evaluation of panoramic surveillance cameras
[NO] 2/100 | LLIE-YOLO: A Task-Driven Joint Enhancement and Detection Optimization Method for Low-Light Object Detection
[NO] 3/100 | Advances in Multimodal Deep Learning Models for Early Alzheimer's Disease Detection: A Survey
[NO] 4/100 | A Review of Pavement Defect Detection Technology
[NO] 5/100 | Robust Learning with Noisy Labels via Instance Partition and Feature Mixing
[NO] 6/100 | An Adaptive Clustering Algorithm for Interval Data With Non-Uniform Distributions
[NO] 7/100 | Performance Analysis, Machine Learning-Assisted Evaluation, and Multi-Objective Optimization of an ORC System for Marine Diesel Engine Waste Heat Recovery Based on Aspen Plus and K-means Clustering
[NO] 8/100 | Large Language Model–Based Automated Assessment: A Systematic Review, Taxonomy and Implications for Personalized Learning
[NO] 9/100 | Copyright Page
[NO] 10/100 | CroSpec-MT: A Compact Spectral State-Space Network for Joint Classification and Regression of Hyperspectral Forest Variables
[NO] 11/100 | Cover Page
[NO] 12/100 | Pattern in Motion: Retrieval-Augmented Learning for Dynamic Spatio-Temporal Graphs_supp1-3728522.pdf
[NO] 13/100 | SG-Defense: A Space-Ground Distributed Defense Framework for DDoS Mitigation in O-RAN NTNs
[NO] 14/100 | Robust LoRa Preamble Detection in Colored Impulsive Noise Using Rank Correlation Coefficients_supp1-3734518.pdf
[NO] 15/100 | A Trust-Aware DRL-Assisted Secure Routing and Anomaly-Resilient Alert Aggregation Framework with Blockchain Validation for Underwater IoT Networks
[NO] 16/100 | Synthesis of Cellulose Based Nano-filaments Using Waste Cotton Fabric
[NO] 17/100 | Robust Wind Power Interval Forecasting via Adaptive Graph Conformal Inference Under Distribution Shifts
[NO] 18/100 | Multi Scale Modeling of ZnO/PVDF Piezoelectric Nanocomposite Sensors for Wearable Heart Rate Monitoring
[NO] 19/100 | Non-CMP Cu/SiO
                    <sub>2</sub>
                    Hybrid Bonding Based on Interlocking Structure
[NO] 20/100 | An Active Temperature Control System Based on Thermoelectric Cooling for Improving the Thermal Management Stability of Power Modules
[NO] 21/100 | Process Simulation and Optimization of a Heterogeneous WLP Structure
[NO] 22/100 | Thermally Induced Protrusion of Electroplated Ultrafine Grained Copper for Low Thermal Budget Cu-Cu Hybrid Bonding
[NO] 23/100 | Influence of Degree of Saturation and Degree of Compaction on Unsoaked CBR Values
[NO] 24/100 | An Intelligent IoT-Driven Retail Framework for the Fashion Industry Using Customer Analysis
[NO] 25/100 | URGS: A Unified Five-Layer RE-EV-Grid Smart Charging Framework for Sustainable Electric Vehicle Infrastructure
[NO] 26/100 | Zoned valve-regulated thermal management technology for high-power chip arrays
[NO] 27/100 | Degradation behavior and non-destructive failure analysis of GaN-based blue laser diodes
[NO] 28/100 | Calibrated-Trust Orchestration: A Meta-Layer Framework for Coordinating Task-Level AI Agents Across the DevSecOps Continuum
[NO] 29/100 | Adaptive Explainable Federated Learning Framework for Privacy-Preserving IoT Intrusion Detection in Smart Cities
[NO] 30/100 | River Ecosystem Optimized Deep Multi-View Dynamics-Aware Graph Attention Framework for Automated Lung Cancer Detection from CT Images
[NO] 31/100 | Dynamic PCU Based Adaptive Signal Control for Heterogeneous Urban Traffic Using Microsimulation
[NO] 32/100 | Adaptive Detector in Heterogeneous Clutter Based on Complex-Valued Convolutional Attention Network
[NO] 33/100 | Sintering Molecular Dynamic Behaviors of Cu-Ag Nanoparticles with Different Architectures for Power Electronic Interconnection Packaging
[NO] 34/100 | A Dual-Branch Graph-Temporal Neural Network for Predicting α-Synuclein Pathology Spread Across the Brain Connectome
[NO] 35/100 | Predicting Compaction Characteristics of Geopolymer-Stabilised Soils Using Chemistry-Informed Machine Learning
[YES] 36/100 | SAR Imaging Based on OFDM Waveform for UAV-ISAC Systems
[NO] 37/100 | Circuit-Level Static Power Management in Nanoscale CMOS: An Analytical Survey of Lector, LCNT, ONOFIC, and SAPON
[NO] 38/100 | Fabrication of electroplated Sn-Cu foam for transient-liquid-phase bonding
[NO] 39/100 | BioFuseNAS: Bio-Inspired Neural Architecture Search for Multi-Sensor Fusion in Robust Edge Vision Systems
[NO] 40/100 | Thermal Characteristic Optimization of a Novel Embedded Heat Dissipation Structure in 3D PoP Packaging
[NO] 41/100 | A Study on Optimization of Mold-flow Balance for SiP Packages
[YES] 42/100 | Spatial Non-Stationary Near-Field Channel Estimation for mmWave Multi-User ELAA Systems via Low-Rank Tensor Decomposition
[NO] 43/100 | Multi-Angle ISAR Image Fusion for Aerial Target Recognition Using Image Transformer
[NO] 44/100 | Evaluating AI-Weather Models During the June 2024 Middle East Compound Heatwave
[NO] 45/100 | Low Radar Cross Section Target Detection and Classification for Pulse Radar Systems using RPCA and Deep Learning
[NO] 46/100 | Integrated Enterprise Network Simulation and Congestion Analysis Using VLAN Segmentation and Packet Diagnostic Techniques
[NO] 47/100 | High Aspect Ratio Filling of Through-Glass Vias Using Copper Paste with Vacuum-Assisted Filtration
[NO] 48/100 | Bivariate Gaussian Mixture Model for Regional Clustering in Bali-Nusa Tenggara: A Post-Pandemic Analysis of Domestic Tourist Volume and Growth
[NO] 49/100 | Gridless Sparse Array Design for Beampattern Optimization
[NO] 50/100 | An Integrated Approach to Forensic Bloodstain Pattern Analysis and Weapon Classification Using Image Processing and Deep Learning
[NO] 51/100 | An In-depth Numerical Simulation Study on Interfacial Delamination and Cohesive Glass Fracture in Glass Substrate Packages with Multi-Layer RDLs under Thermo-mechanical Loads
[NO] 52/100 | Measurement-Driven Digital Twin for High-Frequency Propagation in Layered Human Skin
[NO] 53/100 | Exploring the Attentional Cost of Visual Motion Sickness Mitigation Strategies in Smart Cabin
[NO] 54/100 | From Roadways to Shared Spaces: Extending Vehicle eHMI Research to Public Mobile Robots
[NO] 55/100 | Student Research Track: Drivers' Correctness on Cue-Level Situation Awareness Probes: The Roles of Spatial Direction and Event State During Automated Driving Takeovers
[NO] 56/100 | Hierarchical Game Theory and Multi-Agent DRL Based UAV Anti-Jamming Packet Routing
[YES] 57/100 | Adaptive Mission Planning and Fault-Tolerant Coordination in Multi-UAV Networks
[NO] 58/100 | Real-Time Stylized Character Control with Codebook-Guided Style Selection
[NO] 59/100 | Global-Coordinate Formulation with Iterative Refinement in Multi-Physics Simulation of Hydraulically Actuated Mechanisms
[NO] 60/100 | Semi-DST: A Relation-aware Frequency Transformer with Dual-Student-Teacher Framework for Semi-supervised Hyperspectral Image Classification
[NO] 61/100 | Objective- and Speed-Agnostic Human-in-the-Loop Reinforcement Learning Control of Hip Exoskeletons for Gait Assistance_supp2-3731919.mp4
[YES] 62/100 | Common-Rate Constrained Cramér–Rao Bound Minimization for Multicast MIMO ISAC
[NO] 63/100 | BACKPAC: Breaking ARM’s Pointer Authentication Sidechannel Mitigation in Apple M2
[YES] 64/100 | Joint Timing and Carrier Frequency Offset Estimation with Interference Suppression for Multi-Static ISAC Systems
[NO] 65/100 | Fast Assessment of Distribution System Security Regions using Neighborhood-Based Prediction and Curvature-Adaptive Ray Refinement
[NO] 66/100 | Fabrication and Thermo-Mechanical Stress Optimization of High Aspect Ratio TSVs for Advanced 3D Integration
[NO] 67/100 | Low Temperature Cu-Cu Direct Bonding Enabled by PVD-Deposited Co
                    <sub>x</sub>
                    N Passivation Layer
[NO] 68/100 | Design and Development of a Vision Based Human Following Robot with Rocker Bogie Mobility
[NO] 69/100 | Fabrication of Multilayer Circuit on DPC Ceramic Substrate with Polyimide
[NO] 70/100 | Assessment of Controlled Backfill Influence on the Service Life of 132 kV XLPE Cables in Duct Bank Installations
[NO] 71/100 | Phase-Field Modeling of Electromigration Failure Mechanisms in Sn-Bi Solder Joints Incorporating Electro-Thermo-Mechanical Coupling
[NO] 72/100 | Research on Sintering Performance Optimization of Large-Area Cu Sintering for Press-Pack IGBT Packaging
[NO] 73/100 | Uncertainty-Aware Protein Subcellular Localization via Deep Ensembles and Monte Carlo Dropout
[NO] 74/100 | Adaptive Textile Pattern Generation and Printing System: Dynamic Quality Control Based on StyleGAN3 and Reinforcement Learning
[NO] 75/100 | QEvo-Swin: A Quantum Enhanced Evolutionary Based Swin Transformer for Change Detection in Hyperspectral Images
[NO] 76/100 | Reliability Analysis of Multi-Redundant Relay Protection Schemes
[NO] 77/100 | A Novel UV Laser Debonding Process Based on Single-Layer Temporary Bonding Adhesive for Advanced Packaging
[NO] 78/100 | Tourism Demand Forecasting Using Machine Learning with Cross-Model Feature Ranking
[NO] 79/100 | Analysis of Packaging Failure Mechanism and Research on Reliability Improvement Strategies in BGA Flip-chip Devices
[NO] 80/100 | Frequency-Aware Visible-to-SAR Cross-Modal Image Generation
[NO] 81/100 | Joint Clearing and Cost Allocation Method for Energy and Deep Peak-Shaving Under High Renewable Energy Penetration
[NO] 82/100 | Design and Analysis of a Flip-Chip SiP T/R Module with High Heat Dissipation Performance
[NO] 83/100 | A Web-Based Heterogeneous Deep Learning Ensemble Framework for Fine-Grained Flower Image Classification
[NO] 84/100 | Multi-Scale Temporal Convolution with Attention Mechanism for Hardware Trojan Detection
[NO] 85/100 | On the Role of Relay Cells in Information Propagation Speed for Dictyostelium Chemotaxis: An Agent-Based Modeling Study
[NO] 86/100 | Feedback-Optimized SLM Multifocus Arrays for Parallel Laser Microfabrication
[NO] 87/100 | Workshop on Redefining the Relationship Between Human Operator and Driver Monitoring System (DMS): From Passive Safety to Active Partnerships
[NO] 88/100 | A Staged Workflow for Driver Glance and Hand-State Annotation
[NO] 89/100 | A Fully Integrated, Bidirectional, Isolated DC–DC Converter With Distributed 5-Level Driver and Multi-Winding Transformer
[NO] 90/100 | DIFCVerilog: Decoupling Capabilities and Taints for Fine-Grained Information Flow in Hardware
[YES] 91/100 | Fully Dielectric Complex-Weighted Transmit-Reflect-Array Design with a Longitudinally Inhomogeneous Permittivity Profile
[YES] 92/100 | Unveiling the Backdoor’s Suppression Effect for Backdoor Defence
[NO] 93/100 | Multi-Granularity Text-Guided Semantic Alignment for Visible-Infrared Person Re-Identification
[NO] 94/100 | Secrets That Survive Everything: Runtime Credential Exposure in Production Web Applications
[NO] 95/100 | A Glass/Silicone-Rubber Vertical Contact–Separation Triboelectric Sensor for Self-Powered Vibration Monitoring: Multiphysics Modeling and Frequency Response
[NO] 96/100 | Hierarchical Alignment and Differentiated Prototype Aggregation for Heterogeneous Federated Learning in Industrial Internet of Things_supp1-3725687.pdf
[NO] 97/100 | Multi-Model Fusion for Anomaly Detection_supp1-3733759.pdf
[NO] 98/100 | Edge-Accelerated Cooperative Sensing over CAV Networks: A Transformer-Based RL Approach
[NO] 99/100 | Cover Page
[NO] 100/100 | Photovoltaic Anomaly Detection in Electroluminescence Images Using a Transformer-Enhanced YOLO Algorithm
筛选完成：共 100 篇；Yes = 7 篇；已保存到 papers/select_paper2026-09-18.json。
邮件发送成功！
[2026-09-19 13:15:36] 任务执行成功！
